[1/20] FAIL git-last-commit-file en run 1 (7s)
[2/20] FAIL git-last-commit-file ar run 1 (10s)
[3/20] FAIL verify-off-by-one en run 1 (6s)
[4/20] FAIL verify-off-by-one ar run 1 (7s)
[5/20] FAIL git-last-commit-file en run 2 (7s)
[6/20] PASS git-last-commit-file ar run 2 (5s)
[7/20] FAIL verify-off-by-one en run 2 (7s)
[8/20] FAIL verify-off-by-one ar run 2 (9s)
[9/20] FAIL git-last-commit-file en run 3 (6s)
[10/20] FAIL git-last-commit-file ar run 3 (6s)
[11/20] FAIL verify-off-by-one en run 3 (7s)
[12/20] FAIL verify-off-by-one ar run 3 (12s)
[13/20] PASS git-last-commit-file en run 4 (4s)
[14/20] PASS git-last-commit-file ar run 4 (6s)
[15/20] FAIL verify-off-by-one en run 4 (9s)
[16/20] FAIL verify-off-by-one ar run 4 (7s)
[17/20] FAIL git-last-commit-file en run 5 (8s)
[18/20] PASS git-last-commit-file ar run 5 (5s)
[19/20] FAIL verify-off-by-one en run 5 (9s)
[20/20] FAIL verify-off-by-one ar run 5 (8s)
overall: 4/20 (20%)
by track:
  agent                4/20 (20%)
by language:
  ar                   3/10 (30%)
  en                   1/10 (10%)
by category:
  git                  4/10 (40%)
  verification         0/10 (0%)
by task (en | ar):
  git-last-commit-file              1/5 (20%) | 3/5 (60%)
  verify-off-by-one                  0/5 (0%) | 0/5 (0%)
signals in the 16 failed run(s):
  no_answer                    13
  failed_steps                 13
  check:command_passes         10
  check:tested_after_last_edit 10
  action_rejected              9
  check:answer_contains        6
  not_tested_after_edit        5
  tool_refused                 4
  protocol_errors              2
seconds per run: median 7, max 12
results: C:\Users\loyal\AppData\Local\Temp\opencode\pac-boss-review-20261010\commands-baseline\bench-20261010T111502Z.jsonl
